
[1m[46m RUN [49m[22m [36mv4.0.18 [39m[90mC:/Users/ramsh/Desktop/Whizunik/whiz-factor/frontend[39m

 [31mΓ¥»[39m src/__tests__/AddTransactionDialog.test.tsx [2m([22m[2m1 test[22m[2m | [22m[31m1 failed[39m[2m)[22m[32m 19[2mms[22m[39m
[31m     [31m├ù[31m calculates reserve amount automatically as 20% of invoice amount and is read-only[39m[32m 18[2mms[22m[39m
 [32mΓ£ô[39m src/__tests__/LateFeeHandlingDialog.test.tsx [2m([22m[2m1 test[22m[2m)[22m[32m 300[2mms[22m[39m

[2m Test Files [22m [1m[31m1 failed[39m[22m[2m | [22m[1m[32m1 passed[39m[22m[90m (2)[39m
[2m      Tests [22m [1m[31m1 failed[39m[22m[2m | [22m[1m[32m1 passed[39m[22m[90m (2)[39m
[2m   Start at [22m 13:56:24
[2m   Duration [22m 2.30s[2m (transform 473ms, setup 274ms, import 1.25s, tests 320ms, environment 2.01s)[22m

